LIBBPF_TRIMMED_UPROBESTATS_1.0 {
	global:
		bpf_btf_get_fd_by_id_opts;
		bpf_btf_load;
		bpf_link_create;
		bpf_map__autocreate;
		bpf_map__fd;
		bpf_map__name;
		bpf_map__pin;
		bpf_map__reuse_fd;
		bpf_map__set_autocreate;
		bpf_map_create;
		bpf_map_freeze;
		bpf_map_get_info_by_fd;
		bpf_map_update_elem;
		bpf_obj_get_opts;
		bpf_obj_pin;
		bpf_object__close;
		bpf_object__find_map_by_name;
		bpf_object__find_program_by_name;
		bpf_object__load;
		bpf_object__next_map;
		bpf_object__next_program;
		bpf_object__open_file;
		bpf_prog_bind_map;
		bpf_prog_load;
		bpf_program__attach_kprobe_opts;
		bpf_program__attach_perf_event_opts;
		bpf_program__attach_uprobe_multi;
		bpf_program__attach_uprobe_opts;
		bpf_program__autoload;
		bpf_program__name;
		bpf_program__pin;
		bpf_program__set_autoload;
		bpf_raw_tracepoint_open_opts;
		bpf_token_create;
		btf__add_decl_tag;
		btf__add_func;
		btf__add_func_param;
		btf__add_func_proto;
		btf__add_int;
		btf__add_str;
		btf__add_var;
		btf__align_of;
		btf__find_by_name;
		btf__find_str;
		btf__free;
		btf__load_vmlinux_btf;
		btf__name_by_offset;
		btf__new;
		btf__parse;
		btf__raw_data;
		btf__resolve_size;
		btf__resolve_type;
		btf__str_by_offset;
		btf__type_by_id;
		btf_ext__new;
		libbpf_get_error;
		libbpf_set_print;
	local:
		*;
};
